#
# There is insufficient memory for the Java Runtime Environment to continue.
# Native memory allocation (malloc) failed to allocate 32744 bytes. Error detail: ChunkPool::allocate
# Possible reasons:
#   The system is out of physical RAM or swap space
#   This process is running with CompressedOops enabled, and the Java Heap may be blocking the growth of the native heap
# Possible solutions:
#   Reduce memory load on the system
#   Increase physical memory or swap space
#   Check if swap backing store is full
#   Decrease Java heap size (-Xmx/-Xms)
#   Decrease number of Java threads
#   Decrease Java thread stack sizes (-Xss)
#   Set larger code cache with -XX:ReservedCodeCacheSize=
#   JVM is running with Zero Based Compressed Oops mode in which the Java heap is
#     placed in the first 32GB address space. The Java Heap base address is the
#     maximum limit for the native heap growth. Please use -XX:HeapBaseMinAddress
#     to set the Java Heap base and to place the Java Heap above 32GB virtual address.
# This output file may be truncated or incomplete.
#
#  Out of Memory Error (arena.cpp:79), pid=13768, tid=13292
#
# JRE version: OpenJDK Runtime Environment Temurin-17.0.17+10 (17.0.17+10) (build 17.0.17+10)
# Java VM: OpenJDK 64-Bit Server VM Temurin-17.0.17+10 (17.0.17+10, mixed mode, sharing, tiered, compressed oops, compressed class ptrs, g1 gc, windows-amd64)
# No core dump will be written. Minidumps are not enabled by default on client versions of Windows
#

---------------  S U M M A R Y ------------

Command Line: -Dorg.gradle.appname=gradlew org.gradle.wrapper.GradleWrapperMain :fermata:packageAutoReleaseUniversalApk -PAPP_ID_SFX=.ymusic.hb

Host: Intel(R) Core(TM) i7-4600U CPU @ 2.10GHz, 4 cores, 11G,  Windows 11 , 64 bit Build 26100 (10.0.26100.7705)
Time: Tue Feb 10 09:35:17 2026 SE Asia Standard Time elapsed time: 251.774867 seconds (0d 0h 4m 11s)

---------------  T H R E A D  ---------------

Current thread (0x0000018274657190):  JavaThread "C1 CompilerThread0" daemon [_thread_in_native, id=13292, stack(0x0000000228000000,0x0000000228100000)]


Current CompileTask:
C1:251774 1727       3       org.gradle.internal.logging.text.AbstractLineChoppingStyledTextOutput$1::execute (140 bytes)

Stack: [0x0000000228000000,0x0000000228100000]
Native frames: (J=compiled Java code, j=interpreted, Vv=VM code, C=native code)
V  [jvm.dll+0x683fb9]
V  [jvm.dll+0x83a1b5]
V  [jvm.dll+0x83bc2e]
V  [jvm.dll+0x83c2b3]
V  [jvm.dll+0x248eff]
V  [jvm.dll+0xad69e]
V  [jvm.dll+0xadb3c]
V  [jvm.dll+0x164ee6]
V  [jvm.dll+0x15f9ae]
V  [jvm.dll+0x14da20]
V  [jvm.dll+0x136877]
V  [jvm.dll+0x1361bf]
V  [jvm.dll+0x13640e]
V  [jvm.dll+0x135857]
V  [jvm.dll+0x13757d]
V  [jvm.dll+0x22989a]
V  [jvm.dll+0x227a4b]
V  [jvm.dll+0x7effb8]
V  [jvm.dll+0x7ea44c]
V  [jvm.dll+0x682e87]
C  [ucrtbase.dll+0x37b0]
C  [KERNEL32.DLL+0x2e8d7]
C  [ntdll.dll+0x8c40c]


---------------  P R O C E S S  ---------------

Threads class SMR info:
_java_thread_list=0x000001827973c450, length=13, elements={
0x00000182544cafd0, 0x0000018274631010, 0x0000018274632650, 0x000001827464c410,
0x000001827464ecf0, 0x000001827464f5c0, 0x000001827464fe90, 0x0000018274650a90,
0x0000018274657190, 0x00000182747d2810, 0x00000182748a2a90, 0x00000182748ab220,
0x000001827998c230
}

Java Threads: ( => current thread )
  0x00000182544cafd0 JavaThread "main" [_thread_in_native, id=1352, stack(0x0000000227200000,0x0000000227300000)]
  0x0000018274631010 JavaThread "Reference Handler" daemon [_thread_blocked, id=5712, stack(0x0000000227900000,0x0000000227a00000)]
  0x0000018274632650 JavaThread "Finalizer" daemon [_thread_blocked, id=18728, stack(0x0000000227a00000,0x0000000227b00000)]
  0x000001827464c410 JavaThread "Signal Dispatcher" daemon [_thread_blocked, id=16780, stack(0x0000000227b00000,0x0000000227c00000)]
  0x000001827464ecf0 JavaThread "Attach Listener" daemon [_thread_blocked, id=4376, stack(0x0000000227c00000,0x0000000227d00000)]
  0x000001827464f5c0 JavaThread "Service Thread" daemon [_thread_blocked, id=18956, stack(0x0000000227d00000,0x0000000227e00000)]
  0x000001827464fe90 JavaThread "Monitor Deflation Thread" daemon [_thread_blocked, id=18924, stack(0x0000000227e00000,0x0000000227f00000)]
  0x0000018274650a90 JavaThread "C2 CompilerThread0" daemon [_thread_in_native, id=13596, stack(0x0000000227f00000,0x0000000228000000)]
=>0x0000018274657190 JavaThread "C1 CompilerThread0" daemon [_thread_in_native, id=13292, stack(0x0000000228000000,0x0000000228100000)]
  0x00000182747d2810 JavaThread "Sweeper thread" daemon [_thread_blocked, id=5480, stack(0x0000000228100000,0x0000000228200000)]
  0x00000182748a2a90 JavaThread "Notification Thread" daemon [_thread_blocked, id=16900, stack(0x0000000228200000,0x0000000228300000)]
  0x00000182748ab220 JavaThread "Common-Cleaner" daemon [_thread_blocked, id=16472, stack(0x0000000228400000,0x0000000228500000)]
  0x000001827998c230 JavaThread "pool-1-thread-1" [_thread_blocked, id=15724, stack(0x0000000228800000,0x0000000228900000)]

Other Threads:
  0x00000182746294a0 VMThread "VM Thread" [stack: 0x0000000227800000,0x0000000227900000] [id=4116]
  0x00000182748a2f70 WatcherThread [stack: 0x0000000228300000,0x0000000228400000] [id=11372]
  0x0000018254526450 GCTaskThread "GC Thread#0" [stack: 0x0000000227300000,0x0000000227400000] [id=5880]
  0x0000018274a23ef0 GCTaskThread "GC Thread#1" [stack: 0x0000000228500000,0x0000000228600000] [id=14716]
  0x0000018274a17c50 GCTaskThread "GC Thread#2" [stack: 0x0000000228600000,0x0000000228700000] [id=18188]
  0x0000018274a17f10 GCTaskThread "GC Thread#3" [stack: 0x0000000228700000,0x0000000228800000] [id=8916]
  0x00000182545330f0 ConcurrentGCThread "G1 Main Marker" [stack: 0x0000000227400000,0x0000000227500000] [id=9164]
  0x0000018254533a20 ConcurrentGCThread "G1 Conc#0" [stack: 0x0000000227500000,0x0000000227600000] [id=14100]
  0x00000182744f20c0 ConcurrentGCThread "G1 Refine#0" [stack: 0x0000000227600000,0x0000000227700000] [id=4928]
  0x00000182744f2a00 ConcurrentGCThread "G1 Service" [stack: 0x0000000227700000,0x0000000227800000] [id=2720]

Threads with active compile tasks:
C2 CompilerThread0  251827 1706 % !   4       java.io.BufferedReader::readLine @ 139 (327 bytes)
C1 CompilerThread0  251827 1727       3       org.gradle.internal.logging.text.AbstractLineChoppingStyledTextOutput$1::execute (140 bytes)

VM state: not at safepoint (normal execution)

VM Mutex/Monitor currently owned by a thread: None

Heap address: 0x0000000741c00000, size: 3044 MB, Compressed Oops mode: Zero based, Oop shift amount: 3

CDS archive(s) mapped at: [0x0000018200000000-0x0000018200bb0000-0x0000018200bb0000), size 12255232, SharedBaseAddress: 0x0000018200000000, ArchiveRelocationMode: 1.
Compressed class space mapped at: 0x0000018201000000-0x0000018241000000, reserved size: 1073741824
Narrow klass base: 0x0000018200000000, Narrow klass shift: 0, Narrow klass range: 0x100000000

GC Precious Log:
 CPUs: 4 total, 4 available
 Memory: 12172M
 Large Page Support: Disabled
 NUMA Support: Disabled
 Compressed Oops: Enabled (Zero based)
 Heap Region Size: 2M
 Heap Min Capacity: 8M
 Heap Initial Capacity: 192M
 Heap Max Capacity: 3044M
 Pre-touch: Disabled
 Parallel Workers: 4
 Concurrent Workers: 1
 Concurrent Refinement Workers: 4
 Periodic GC: Disabled

Heap:
 garbage-first heap   total 196608K, used 37597K [0x0000000741c00000, 0x0000000800000000)
  region size 2048K, 16 young (32768K), 1 survivors (2048K)
 Metaspace       used 9040K, committed 9280K, reserved 1114112K
  class space    used 1197K, committed 1280K, reserved 1048576K

Heap Regions: E=young(eden), S=young(survivor), O=old, HS=humongous(starts), HC=humongous(continues), CS=collection set, F=free, OA=open archive, CA=closed archive, TAMS=top-at-mark-start (previous, next)
|   0|0x0000000741c00000, 0x0000000741e00000, 0x0000000741e00000|100%| O|  |TAMS 0x0000000741c00000, 0x0000000741c00000| Untracked 
|   1|0x0000000741e00000, 0x0000000741eb7600, 0x0000000742000000| 35%| O|  |TAMS 0x0000000741e00000, 0x0000000741e00000| Untracked 
|   2|0x0000000742000000, 0x0000000742200000, 0x0000000742200000|100%|HS|  |TAMS 0x0000000742000000, 0x0000000742000000| Complete 
|   3|0x0000000742200000, 0x0000000742400000, 0x0000000742400000|100%|HC|  |TAMS 0x0000000742200000, 0x0000000742200000| Complete 
|   4|0x0000000742400000, 0x0000000742400000, 0x0000000742600000|  0%| F|  |TAMS 0x0000000742400000, 0x0000000742400000| Untracked 
|   5|0x0000000742600000, 0x0000000742600000, 0x0000000742800000|  0%| F|  |TAMS 0x0000000742600000, 0x0000000742600000| Untracked 
|   6|0x0000000742800000, 0x0000000742800000, 0x0000000742a00000|  0%| F|  |TAMS 0x0000000742800000, 0x0000000742800000| Untracked 
|   7|0x0000000742a00000, 0x0000000742a00000, 0x0000000742c00000|  0%| F|  |TAMS 0x0000000742a00000, 0x0000000742a00000| Untracked 
|   8|0x0000000742c00000, 0x0000000742c00000, 0x0000000742e00000|  0%| F|  |TAMS 0x0000000742c00000, 0x0000000742c00000| Untracked 
|   9|0x0000000742e00000, 0x0000000742e00000, 0x0000000743000000|  0%| F|  |TAMS 0x0000000742e00000, 0x0000000742e00000| Untracked 
|  10|0x0000000743000000, 0x0000000743000000, 0x0000000743200000|  0%| F|  |TAMS 0x0000000743000000, 0x0000000743000000| Untracked 
|  11|0x0000000743200000, 0x0000000743200000, 0x0000000743400000|  0%| F|  |TAMS 0x0000000743200000, 0x0000000743200000| Untracked 
|  12|0x0000000743400000, 0x0000000743400000, 0x0000000743600000|  0%| F|  |TAMS 0x0000000743400000, 0x0000000743400000| Untracked 
|  13|0x0000000743600000, 0x0000000743600000, 0x0000000743800000|  0%| F|  |TAMS 0x0000000743600000, 0x0000000743600000| Untracked 
|  14|0x0000000743800000, 0x0000000743800000, 0x0000000743a00000|  0%| F|  |TAMS 0x0000000743800000, 0x0000000743800000| Untracked 
|  15|0x0000000743a00000, 0x0000000743a00000, 0x0000000743c00000|  0%| F|  |TAMS 0x0000000743a00000, 0x0000000743a00000| Untracked 
|  16|0x0000000743c00000, 0x0000000743c00000, 0x0000000743e00000|  0%| F|  |TAMS 0x0000000743c00000, 0x0000000743c00000| Untracked 
|  17|0x0000000743e00000, 0x0000000743e00000, 0x0000000744000000|  0%| F|  |TAMS 0x0000000743e00000, 0x0000000743e00000| Untracked 
|  18|0x0000000744000000, 0x0000000744000000, 0x0000000744200000|  0%| F|  |TAMS 0x0000000744000000, 0x0000000744000000| Untracked 
|  19|0x0000000744200000, 0x0000000744200000, 0x0000000744400000|  0%| F|  |TAMS 0x0000000744200000, 0x0000000744200000| Untracked 
|  20|0x0000000744400000, 0x0000000744400000, 0x0000000744600000|  0%| F|  |TAMS 0x0000000744400000, 0x0000000744400000| Untracked 
|  21|0x0000000744600000, 0x0000000744600000, 0x0000000744800000|  0%| F|  |TAMS 0x0000000744600000, 0x0000000744600000| Untracked 
|  22|0x0000000744800000, 0x0000000744800000, 0x0000000744a00000|  0%| F|  |TAMS 0x0000000744800000, 0x0000000744800000| Untracked 
|  23|0x0000000744a00000, 0x0000000744a00000, 0x0000000744c00000|  0%| F|  |TAMS 0x0000000744a00000, 0x0000000744a00000| Untracked 
|  24|0x0000000744c00000, 0x0000000744c00000, 0x0000000744e00000|  0%| F|  |TAMS 0x0000000744c00000, 0x0000000744c00000| Untracked 
|  25|0x0000000744e00000, 0x0000000744e00000, 0x0000000745000000|  0%| F|  |TAMS 0x0000000744e00000, 0x0000000744e00000| Untracked 
|  26|0x0000000745000000, 0x0000000745000000, 0x0000000745200000|  0%| F|  |TAMS 0x0000000745000000, 0x0000000745000000| Untracked 
|  27|0x0000000745200000, 0x0000000745200000, 0x0000000745400000|  0%| F|  |TAMS 0x0000000745200000, 0x0000000745200000| Untracked 
|  28|0x0000000745400000, 0x0000000745400000, 0x0000000745600000|  0%| F|  |TAMS 0x0000000745400000, 0x0000000745400000| Untracked 
|  29|0x0000000745600000, 0x0000000745600000, 0x0000000745800000|  0%| F|  |TAMS 0x0000000745600000, 0x0000000745600000| Untracked 
|  30|0x0000000745800000, 0x0000000745800000, 0x0000000745a00000|  0%| F|  |TAMS 0x0000000745800000, 0x0000000745800000| Untracked 
|  31|0x0000000745a00000, 0x0000000745a00000, 0x0000000745c00000|  0%| F|  |TAMS 0x0000000745a00000, 0x0000000745a00000| Untracked 
|  32|0x0000000745c00000, 0x0000000745c00000, 0x0000000745e00000|  0%| F|  |TAMS 0x0000000745c00000, 0x0000000745c00000| Untracked 
|  33|0x0000000745e00000, 0x0000000745e00000, 0x0000000746000000|  0%| F|  |TAMS 0x0000000745e00000, 0x0000000745e00000| Untracked 
|  34|0x0000000746000000, 0x0000000746000000, 0x0000000746200000|  0%| F|  |TAMS 0x0000000746000000, 0x0000000746000000| Untracked 
|  35|0x0000000746200000, 0x0000000746200000, 0x0000000746400000|  0%| F|  |TAMS 0x0000000746200000, 0x0000000746200000| Untracked 
|  36|0x0000000746400000, 0x0000000746400000, 0x0000000746600000|  0%| F|  |TAMS 0x0000000746400000, 0x0000000746400000| Untracked 
|  37|0x0000000746600000, 0x0000000746600000, 0x0000000746800000|  0%| F|  |TAMS 0x0000000746600000, 0x0000000746600000| Untracked 
|  38|0x0000000746800000, 0x0000000746800000, 0x0000000746a00000|  0%| F|  |TAMS 0x0000000746800000, 0x0000000746800000| Untracked 
|  39|0x0000000746a00000, 0x0000000746a00000, 0x0000000746c00000|  0%| F|  |TAMS 0x0000000746a00000, 0x0000000746a00000| Untracked 
|  40|0x0000000746c00000, 0x0000000746c00000, 0x0000000746e00000|  0%| F|  |TAMS 0x0000000746c00000, 0x0000000746c00000| Untracked 
|  41|0x0000000746e00000, 0x0000000746e00000, 0x0000000747000000|  0%| F|  |TAMS 0x0000000746e00000, 0x0000000746e00000| Untracked 
|  42|0x0000000747000000, 0x0000000747000000, 0x0000000747200000|  0%| F|  |TAMS 0x0000000747000000, 0x0000000747000000| Untracked 
|  43|0x0000000747200000, 0x0000000747200000, 0x0000000747400000|  0%| F|  |TAMS 0x0000000747200000, 0x0000000747200000| Untracked 
|  44|0x0000000747400000, 0x0000000747400000, 0x0000000747600000|  0%| F|  |TAMS 0x0000000747400000, 0x0000000747400000| Untracked 
|  45|0x0000000747600000, 0x0000000747600000, 0x0000000747800000|  0%| F|  |TAMS 0x0000000747600000, 0x0000000747600000| Untracked 
|  46|0x0000000747800000, 0x0000000747800000, 0x0000000747a00000|  0%| F|  |TAMS 0x0000000747800000, 0x0000000747800000| Untracked 
|  47|0x0000000747a00000, 0x0000000747a00000, 0x0000000747c00000|  0%| F|  |TAMS 0x0000000747a00000, 0x0000000747a00000| Untracked 
|  48|0x0000000747c00000, 0x0000000747c00000, 0x0000000747e00000|  0%| F|  |TAMS 0x0000000747c00000, 0x0000000747c00000| Untracked 
|  49|0x0000000747e00000, 0x0000000747e00000, 0x0000000748000000|  0%| F|  |TAMS 0x0000000747e00000, 0x0000000747e00000| Untracked 
|  50|0x0000000748000000, 0x0000000748000000, 0x0000000748200000|  0%| F|  |TAMS 0x0000000748000000, 0x0000000748000000| Untracked 
|  51|0x0000000748200000, 0x0000000748200000, 0x0000000748400000|  0%| F|  |TAMS 0x0000000748200000, 0x0000000748200000| Untracked 
|  52|0x0000000748400000, 0x0000000748400000, 0x0000000748600000|  0%| F|  |TAMS 0x0000000748400000, 0x0000000748400000| Untracked 
|  53|0x0000000748600000, 0x0000000748600000, 0x0000000748800000|  0%| F|  |TAMS 0x0000000748600000, 0x0000000748600000| Untracked 
|  54|0x0000000748800000, 0x0000000748800000, 0x0000000748a00000|  0%| F|  |TAMS 0x0000000748800000, 0x0000000748800000| Untracked 
|  55|0x0000000748a00000, 0x0000000748a00000, 0x0000000748c00000|  0%| F|  |TAMS 0x0000000748a00000, 0x0000000748a00000| Untracked 
|  56|0x0000000748c00000, 0x0000000748c00000, 0x0000000748e00000|  0%| F|  |TAMS 0x0000000748c00000, 0x0000000748c00000| Untracked 
|  57|0x0000000748e00000, 0x0000000748e00000, 0x0000000749000000|  0%| F|  |TAMS 0x0000000748e00000, 0x0000000748e00000| Untracked 
|  58|0x0000000749000000, 0x0000000749000000, 0x0000000749200000|  0%| F|  |TAMS 0x0000000749000000, 0x0000000749000000| Untracked 
|  59|0x0000000749200000, 0x0000000749200000, 0x0000000749400000|  0%| F|  |TAMS 0x0000000749200000, 0x0000000749200000| Untracked 
|  60|0x0000000749400000, 0x0000000749400000, 0x0000000749600000|  0%| F|  |TAMS 0x0000000749400000, 0x0000000749400000| Untracked 
|  61|0x0000000749600000, 0x0000000749600000, 0x0000000749800000|  0%| F|  |TAMS 0x0000000749600000, 0x0000000749600000| Untracked 
|  62|0x0000000749800000, 0x0000000749800000, 0x0000000749a00000|  0%| F|  |TAMS 0x0000000749800000, 0x0000000749800000| Untracked 
|  63|0x0000000749a00000, 0x0000000749a00000, 0x0000000749c00000|  0%| F|  |TAMS 0x0000000749a00000, 0x0000000749a00000| Untracked 
|  64|0x0000000749c00000, 0x0000000749c00000, 0x0000000749e00000|  0%| F|  |TAMS 0x0000000749c00000, 0x0000000749c00000| Untracked 
|  65|0x0000000749e00000, 0x0000000749e00000, 0x000000074a000000|  0%| F|  |TAMS 0x0000000749e00000, 0x0000000749e00000| Untracked 
|  66|0x000000074a000000, 0x000000074a000000, 0x000000074a200000|  0%| F|  |TAMS 0x000000074a000000, 0x000000074a000000| Untracked 
|  67|0x000000074a200000, 0x000000074a200000, 0x000000074a400000|  0%| F|  |TAMS 0x000000074a200000, 0x000000074a200000| Untracked 
|  68|0x000000074a400000, 0x000000074a400000, 0x000000074a600000|  0%| F|  |TAMS 0x000000074a400000, 0x000000074a400000| Untracked 
|  69|0x000000074a600000, 0x000000074a600000, 0x000000074a800000|  0%| F|  |TAMS 0x000000074a600000, 0x000000074a600000| Untracked 
|  70|0x000000074a800000, 0x000000074a800000, 0x000000074aa00000|  0%| F|  |TAMS 0x000000074a800000, 0x000000074a800000| Untracked 
|  71|0x000000074aa00000, 0x000000074aa00000, 0x000000074ac00000|  0%| F|  |TAMS 0x000000074aa00000, 0x000000074aa00000| Untracked 
|  72|0x000000074ac00000, 0x000000074ac00000, 0x000000074ae00000|  0%| F|  |TAMS 0x000000074ac00000, 0x000000074ac00000| Untracked 
|  73|0x000000074ae00000, 0x000000074ae00000, 0x000000074b000000|  0%| F|  |TAMS 0x000000074ae00000, 0x000000074ae00000| Untracked 
|  74|0x000000074b000000, 0x000000074b000000, 0x000000074b200000|  0%| F|  |TAMS 0x000000074b000000, 0x000000074b000000| Untracked 
|  75|0x000000074b200000, 0x000000074b200000, 0x000000074b400000|  0%| F|  |TAMS 0x000000074b200000, 0x000000074b200000| Untracked 
|  76|0x000000074b400000, 0x000000074b400000, 0x000000074b600000|  0%| F|  |TAMS 0x000000074b400000, 0x000000074b400000| Untracked 
|  77|0x000000074b600000, 0x000000074b600000, 0x000000074b800000|  0%| F|  |TAMS 0x000000074b600000, 0x000000074b600000| Untracked 
|  78|0x000000074b800000, 0x000000074b800000, 0x000000074ba00000|  0%| F|  |TAMS 0x000000074b800000, 0x000000074b800000| Untracked 
|  79|0x000000074ba00000, 0x000000074ba00000, 0x000000074bc00000|  0%| F|  |TAMS 0x000000074ba00000, 0x000000074ba00000| Untracked 
|  80|0x000000074bc00000, 0x000000074be00000, 0x000000074be00000|100%| E|  |TAMS 0x000000074bc00000, 0x000000074bc00000| Complete 
|  81|0x000000074be00000, 0x000000074c000000, 0x000000074c000000|100%| E|CS|TAMS 0x000000074be00000, 0x000000074be00000| Complete 
|  82|0x000000074c000000, 0x000000074c200000, 0x000000074c200000|100%| E|CS|TAMS 0x000000074c000000, 0x000000074c000000| Complete 
|  83|0x000000074c200000, 0x000000074c400000, 0x000000074c400000|100%| E|CS|TAMS 0x000000074c200000, 0x000000074c200000| Complete 
|  84|0x000000074c400000, 0x000000074c600000, 0x000000074c600000|100%| E|CS|TAMS 0x000000074c400000, 0x000000074c400000| Complete 
|  85|0x000000074c600000, 0x000000074c800000, 0x000000074c800000|100%| E|CS|TAMS 0x000000074c600000, 0x000000074c600000| Complete 
|  86|0x000000074c800000, 0x000000074ca00000, 0x000000074ca00000|100%| E|CS|TAMS 0x000000074c800000, 0x000000074c800000| Complete 
|  87|0x000000074ca00000, 0x000000074cc00000, 0x000000074cc00000|100%| S|CS|TAMS 0x000000074ca00000, 0x000000074ca00000| Complete 
|  88|0x000000074cc00000, 0x000000074ce00000, 0x000000074ce00000|100%| E|CS|TAMS 0x000000074cc00000, 0x000000074cc00000| Complete 
|  89|0x000000074ce00000, 0x000000074d000000, 0x000000074d000000|100%| E|CS|TAMS 0x000000074ce00000, 0x000000074ce00000| Complete 
|  90|0x000000074d000000, 0x000000074d200000, 0x000000074d200000|100%| E|CS|TAMS 0x000000074d000000, 0x000000074d000000| Complete 
|  91|0x000000074d200000, 0x000000074d400000, 0x000000074d400000|100%| E|CS|TAMS 0x000000074d200000, 0x000000074d200000| Complete 
|  92|0x000000074d400000, 0x000000074d600000, 0x000000074d600000|100%| E|CS|TAMS 0x000000074d400000, 0x000000074d400000| Complete 
|  93|0x000000074d600000, 0x000000074d800000, 0x000000074d800000|100%| E|CS|TAMS 0x000000074d600000, 0x000000074d600000| Complete 
|  94|0x000000074d800000, 0x000000074da00000, 0x000000074da00000|100%| E|CS|TAMS 0x000000074d800000, 0x000000074d800000| Complete 
|  95|0x000000074da00000, 0x000000074dc00000, 0x000000074dc00000|100%| E|CS|TAMS 0x000000074da00000, 0x000000074da00000| Complete 

Card table byte_map: [0x000001826b640000,0x000001826bc40000] _byte_map_base: 0x0000018267c32000

Marking Bits (Prev, Next): (CMBitMap*) 0x0000018254526980, (CMBitMap*) 0x00000182545269c0
 Prev Bits: [0x000001826c240000, 0x000001826f1d0000)
 Next Bits: [0x000001826f1d0000, 0x0000018272160000)

Polling page: 0x0000018252380000

Metaspace:

Usage:
  Non-class:      7.66 MB used.
      Class:      1.17 MB used.
       Both:      8.83 MB used.

Virtual space:
  Non-class space:       64.00 MB reserved,       7.81 MB ( 12%) committed,  1 nodes.
      Class space:        1.00 GB reserved,       1.25 MB ( <1%) committed,  1 nodes.
             Both:        1.06 GB reserved,       9.06 MB ( <1%) committed. 

Chunk freelists:
   Non-Class:  8.03 MB
       Class:  14.56 MB
        Both:  22.59 MB

MaxMetaspaceSize: unlimited
CompressedClassSpaceSize: 1.00 GB
Initial GC threshold: 21.00 MB
Current GC threshold: 21.00 MB
CDS: on
MetaspaceReclaimPolicy: balanced
 - commit_granule_bytes: 65536.
 - commit_granule_words: 8192.
 - virtual_space_node_default_size: 8388608.
 - enlarge_chunks_in_place: 1.
 - new_chunks_are_fully_committed: 0.
 - uncommit_free_chunks: 1.
 - use_allocation_guard: 0.
 - handle_deallocations: 1.


Internal statistics:

num_allocs_failed_limit: 0.
num_arena_births: 80.
num_arena_deaths: 0.
num_vsnodes_births: 2.
num_vsnodes_deaths: 0.
num_space_committed: 145.
num_space_uncommitted: 0.
num_chunks_returned_to_freelist: 0.
num_chunks_taken_from_freelist: 326.
num_chunk_merges: 0.
num_chunk_splits: 216.
num_chunks_enlarged: 174.
num_inconsistent_stats: 0.

CodeHeap 'non-profiled nmethods': size=120000Kb used=741Kb max_used=741Kb free=119259Kb
 bounds [0x0000018263b10000, 0x0000018263d80000, 0x000001826b040000]
CodeHeap 'profiled nmethods': size=120000Kb used=3209Kb max_used=3209Kb free=116790Kb
 bounds [0x000001825c040000, 0x000001825c370000, 0x0000018263570000]
CodeHeap 'non-nmethods': size=5760Kb used=1167Kb max_used=1184Kb free=4592Kb
 bounds [0x0000018263570000, 0x00000182637e0000, 0x0000018263b10000]
 total_blobs=2183 nmethods=1721 adapters=375
 compilation: enabled
              stopped_count=0, restarted_count=0
 full_count=0

Compilation events (20 events):
Event: 251.748 Thread 0x0000018274657190 nmethod 1713 0x000001825c35ce10 code [0x000001825c35cfc0, 0x000001825c35d208]
Event: 251.748 Thread 0x0000018274657190 1714       3       com.google.common.collect.EvictingQueue::delegate (5 bytes)
Event: 251.748 Thread 0x0000018274657190 nmethod 1714 0x000001825c35d310 code [0x000001825c35d4a0, 0x000001825c35d5b8]
Event: 251.748 Thread 0x0000018274657190 1715       3       java.util.ArrayDeque::removeFirst (19 bytes)
Event: 251.748 Thread 0x0000018274657190 nmethod 1715 0x000001825c35d690 code [0x000001825c35d860, 0x000001825c35dab8]
Event: 251.748 Thread 0x0000018274657190 1716       3       java.util.ArrayDeque::remove (5 bytes)
Event: 251.749 Thread 0x0000018274657190 nmethod 1716 0x000001825c35dc10 code [0x000001825c35dde0, 0x000001825c35e078]
Event: 251.751 Thread 0x0000018274657190 1718       3       java.lang.invoke.TypeConvertingMethodAdapter::descriptorToName (36 bytes)
Event: 251.752 Thread 0x0000018274657190 nmethod 1718 0x000001825c35e190 code [0x000001825c35e420, 0x000001825c35efa8]
Event: 251.752 Thread 0x0000018274657190 1720       3       java.lang.invoke.MethodHandleNatives::refKindIsMethod (19 bytes)
Event: 251.753 Thread 0x0000018274657190 nmethod 1720 0x000001825c35f410 code [0x000001825c35f5c0, 0x000001825c35f7f8]
Event: 251.753 Thread 0x0000018274657190 1721       3       java.lang.Class::getReflectionFactory (28 bytes)
Event: 251.754 Thread 0x0000018274657190 nmethod 1721 0x000001825c35f890 code [0x000001825c35fac0, 0x000001825c3602d8]
Event: 251.755 Thread 0x0000018274657190 1722       3       java.net.URI::match (56 bytes)
Event: 251.755 Thread 0x0000018274657190 nmethod 1722 0x000001825c360590 code [0x000001825c360740, 0x000001825c360a18]
Event: 251.762 Thread 0x0000018274657190 1724       3       java.lang.invoke.MethodType::insertParameterTypes (121 bytes)
Event: 251.764 Thread 0x0000018274657190 nmethod 1724 0x000001825c360a90 code [0x000001825c360d60, 0x000001825c361b28]
Event: 251.768 Thread 0x0000018274657190 1726       3       org.gradle.internal.logging.text.AbstractLineChoppingStyledTextOutput$1::execute (9 bytes)
Event: 251.768 Thread 0x0000018274657190 nmethod 1726 0x000001825c362090 code [0x000001825c362240, 0x000001825c362468]
Event: 251.768 Thread 0x0000018274657190 1727       3       org.gradle.internal.logging.text.AbstractLineChoppingStyledTextOutput$1::execute (140 bytes)

GC Heap History (4 events):
Event: 3.112 GC heap before
{Heap before GC invocations=0 (full 0):
 garbage-first heap   total 196608K, used 12288K [0x0000000741c00000, 0x0000000800000000)
  region size 2048K, 6 young (12288K), 0 survivors (0K)
 Metaspace       used 1753K, committed 1856K, reserved 1114112K
  class space    used 163K, committed 192K, reserved 1048576K
}
Event: 3.166 GC heap after
{Heap after GC invocations=1 (full 0):
 garbage-first heap   total 196608K, used 1436K [0x0000000741c00000, 0x0000000800000000)
  region size 2048K, 1 young (2048K), 1 survivors (2048K)
 Metaspace       used 1753K, committed 1856K, reserved 1114112K
  class space    used 163K, committed 192K, reserved 1048576K
}
Event: 6.768 GC heap before
{Heap before GC invocations=1 (full 0):
 garbage-first heap   total 196608K, used 15772K [0x0000000741c00000, 0x0000000800000000)
  region size 2048K, 8 young (16384K), 1 survivors (2048K)
 Metaspace       used 1949K, committed 2048K, reserved 1114112K
  class space    used 167K, committed 192K, reserved 1048576K
}
Event: 6.773 GC heap after
{Heap after GC invocations=2 (full 0):
 garbage-first heap   total 196608K, used 4829K [0x0000000741c00000, 0x0000000800000000)
  region size 2048K, 1 young (2048K), 1 survivors (2048K)
 Metaspace       used 1949K, committed 2048K, reserved 1114112K
  class space    used 167K, committed 192K, reserved 1048576K
}

Dll operation events (12 events):
Event: 0.027 Loaded shared library C:\Program Files\Eclipse Adoptium\jdk-17.0.17.10-hotspot\bin\java.dll
Event: 0.099 Loaded shared library C:\Program Files\Eclipse Adoptium\jdk-17.0.17.10-hotspot\bin\jsvml.dll
Event: 0.269 Loaded shared library C:\Program Files\Eclipse Adoptium\jdk-17.0.17.10-hotspot\bin\net.dll
Event: 0.274 Loaded shared library C:\Program Files\Eclipse Adoptium\jdk-17.0.17.10-hotspot\bin\nio.dll
Event: 0.281 Loaded shared library C:\Program Files\Eclipse Adoptium\jdk-17.0.17.10-hotspot\bin\zip.dll
Event: 0.288 Loaded shared library C:\Program Files\Eclipse Adoptium\jdk-17.0.17.10-hotspot\bin\verify.dll
Event: 0.402 Loaded shared library C:\Program Files\Eclipse Adoptium\jdk-17.0.17.10-hotspot\bin\jimage.dll
Event: 11.003 Loaded shared library C:\Program Files\Eclipse Adoptium\jdk-17.0.17.10-hotspot\bin\management.dll
Event: 11.008 Loaded shared library C:\Program Files\Eclipse Adoptium\jdk-17.0.17.10-hotspot\bin\management_ext.dll
Event: 11.852 Loaded shared library C:\Users\hoang\.gradle\native\1def1411415f61bf3af743bc5b6707747c0891f09f0c88961ee8f79bc544acac\windows-amd64\native-platform.dll
Event: 17.448 Loaded shared library C:\Program Files\Eclipse Adoptium\jdk-17.0.17.10-hotspot\bin\extnet.dll
Event: 25.860 Loaded shared library C:\Program Files\Eclipse Adoptium\jdk-17.0.17.10-hotspot\bin\sunmscapi.dll

Deoptimization events (20 events):
Event: 251.755 Thread 0x00000182544cafd0 Uncommon trap: trap_request=0xffffff45 fr.pc=0x0000018263b49ce8 relative=0x0000000000000048
Event: 251.755 Thread 0x00000182544cafd0 Uncommon trap: reason=unstable_if action=reinterpret pc=0x0000018263b49ce8 method=java.net.URI.match(CJJ)Z @ 19 c2
Event: 251.755 Thread 0x00000182544cafd0 DEOPT PACKING pc=0x0000018263b49ce8 sp=0x00000002272fcb70
Event: 251.755 Thread 0x00000182544cafd0 DEOPT UNPACKING pc=0x00000182635c69a3 sp=0x00000002272fcaf8 mode 2
Event: 251.756 Thread 0x00000182544cafd0 Uncommon trap: trap_request=0xffffff45 fr.pc=0x0000018263bc5ce4 relative=0x0000000000000144
Event: 251.756 Thread 0x00000182544cafd0 Uncommon trap: reason=unstable_if action=reinterpret pc=0x0000018263bc5ce4 method=java.util.concurrent.locks.ReentrantLock$NonfairSync.initialTryLock()Z @ 10 c2
Event: 251.756 Thread 0x00000182544cafd0 DEOPT PACKING pc=0x0000018263bc5ce4 sp=0x00000002272fced0
Event: 251.756 Thread 0x00000182544cafd0 DEOPT UNPACKING pc=0x00000182635c69a3 sp=0x00000002272fce78 mode 2
Event: 251.756 Thread 0x00000182544cafd0 Uncommon trap: trap_request=0xffffff45 fr.pc=0x0000018263bc52e8 relative=0x00000000000000c8
Event: 251.756 Thread 0x00000182544cafd0 Uncommon trap: reason=unstable_if action=reinterpret pc=0x0000018263bc52e8 method=java.util.concurrent.locks.ReentrantLock$Sync.tryRelease(I)Z @ 26 c2
Event: 251.756 Thread 0x00000182544cafd0 DEOPT PACKING pc=0x0000018263bc52e8 sp=0x00000002272fced0
Event: 251.756 Thread 0x00000182544cafd0 DEOPT UNPACKING pc=0x00000182635c69a3 sp=0x00000002272fce70 mode 2
Event: 251.767 Thread 0x00000182544cafd0 Uncommon trap: trap_request=0xffffff45 fr.pc=0x0000018263bbf6d0 relative=0x0000000000000550
Event: 251.767 Thread 0x00000182544cafd0 Uncommon trap: reason=unstable_if action=reinterpret pc=0x0000018263bbf6d0 method=org.gradle.internal.logging.text.AbstractLineChoppingStyledTextOutput$2.execute(Lorg/gradle/internal/logging/text/AbstractLineChoppingStyledTextOutput$StateContext;)V @ 34 c
Event: 251.767 Thread 0x00000182544cafd0 DEOPT PACKING pc=0x0000018263bbf6d0 sp=0x00000002272fcd60
Event: 251.767 Thread 0x00000182544cafd0 DEOPT UNPACKING pc=0x00000182635c69a3 sp=0x00000002272fcbe8 mode 2
Event: 251.768 Thread 0x00000182544cafd0 Uncommon trap: trap_request=0xffffff45 fr.pc=0x0000018263bbe8d0 relative=0x0000000000000550
Event: 251.768 Thread 0x00000182544cafd0 Uncommon trap: reason=unstable_if action=reinterpret pc=0x0000018263bbe8d0 method=org.gradle.internal.logging.text.AbstractLineChoppingStyledTextOutput$2.execute(Lorg/gradle/internal/logging/text/AbstractLineChoppingStyledTextOutput$StateContext;)V @ 34 c
Event: 251.768 Thread 0x00000182544cafd0 DEOPT PACKING pc=0x0000018263bbe8d0 sp=0x00000002272fccd0
Event: 251.768 Thread 0x00000182544cafd0 DEOPT UNPACKING pc=0x00000182635c69a3 sp=0x00000002272fcbd0 mode 2

Classes loaded (20 events):
Event: 251.732 Loading class sun/nio/fs/WindowsSecurityDescriptor
Event: 251.732 Loading class sun/nio/fs/WindowsSecurityDescriptor done
Event: 251.732 Loading class sun/nio/fs/WindowsChannelFactory
Event: 251.733 Loading class sun/nio/fs/WindowsChannelFactory done
Event: 251.733 Loading class sun/nio/fs/WindowsChannelFactory$1
Event: 251.733 Loading class sun/nio/fs/WindowsChannelFactory$1 done
Event: 251.733 Loading class sun/nio/fs/WindowsChannelFactory$Flags
Event: 251.733 Loading class sun/nio/fs/WindowsChannelFactory$Flags done
Event: 251.733 Loading class sun/nio/fs/WindowsChannelFactory$2
Event: 251.733 Loading class sun/nio/fs/WindowsChannelFactory$2 done
Event: 251.734 Loading class sun/nio/ch/FileChannelImpl$Closer
Event: 251.734 Loading class sun/nio/ch/FileChannelImpl$Closer done
Event: 251.735 Loading class java/util/stream/Streams$1
Event: 251.736 Loading class java/util/stream/Streams$1 done
Event: 251.742 Loading class java/nio/file/FileChannelLinesSpliterator$1
Event: 251.742 Loading class java/nio/file/FileChannelLinesSpliterator$1 done
Event: 251.742 Loading class java/nio/channels/Channels
Event: 251.742 Loading class java/nio/channels/Channels done
Event: 251.758 Loading class java/util/concurrent/ConcurrentLinkedQueue$Itr
Event: 251.759 Loading class java/util/concurrent/ConcurrentLinkedQueue$Itr done

Classes unloaded (0 events):
No events

Classes redefined (0 events):
No events

Internal exceptions (20 events):
Event: 11.167 Thread 0x00000182544cafd0 Implicit null exception at 0x0000018263b59110 to 0x0000018263b59674
Event: 11.167 Thread 0x00000182544cafd0 Implicit null exception at 0x0000018263b424af to 0x0000018263b42529
Event: 11.442 Thread 0x00000182544cafd0 Exception <a 'java/lang/NoClassDefFoundError'{0x000000074d1013b8}: org/slf4j/impl/StaticMarkerBinder> (0x000000074d1013b8) 
thrown [s\src\hotspot\share\classfile\systemDictionary.cpp, line 245]
Event: 12.168 Thread 0x00000182544cafd0 Exception <a 'java/lang/NoSuchMethodError'{0x000000074ce2ce98}: 'java.lang.Object java.lang.invoke.Invokers$Holder.invoker(java.lang.Object, java.lang.Object, java.lang.Object)'> (0x000000074ce2ce98) 
thrown [s\src\hotspot\share\interpreter\linkResolver.cpp, line 759]
Event: 12.173 Thread 0x00000182544cafd0 Exception <a 'java/lang/NoSuchMethodError'{0x000000074ce35ff0}: 'java.lang.Object java.lang.invoke.DirectMethodHandle$Holder.invokeStatic(java.lang.Object, java.lang.Object, int)'> (0x000000074ce35ff0) 
thrown [s\src\hotspot\share\interpreter\linkResolver.cpp, line 759]
Event: 12.183 Thread 0x00000182544cafd0 Exception <a 'java/lang/NoSuchMethodError'{0x000000074ce41ce0}: 'void java.lang.invoke.DelegatingMethodHandle$Holder.delegate(java.lang.Object, java.lang.Object, int, java.lang.Object)'> (0x000000074ce41ce0) 
thrown [s\src\hotspot\share\interpreter\linkResolver.cpp, line 759]
Event: 12.533 Thread 0x00000182544cafd0 Exception <a 'java/lang/NoSuchMethodError'{0x000000074ce55328}: 'java.lang.Object java.lang.invoke.Invokers$Holder.invokeExact_MT(java.lang.Object, java.lang.Object, java.lang.Object, java.lang.Object)'> (0x000000074ce55328) 
thrown [s\src\hotspot\share\interpreter\linkResolver.cpp, line 759]
Event: 12.603 Thread 0x00000182544cafd0 Exception <a 'java/lang/NoSuchMethodError'{0x000000074ce77db8}: 'java.lang.Object java.lang.invoke.DirectMethodHandle$Holder.invokeVirtual(java.lang.Object, java.lang.Object, java.lang.Object)'> (0x000000074ce77db8) 
thrown [s\src\hotspot\share\interpreter\linkResolver.cpp, line 759]
Event: 14.382 Thread 0x00000182544cafd0 Exception <a 'java/lang/NoSuchMethodError'{0x000000074c8849d0}: 'java.lang.Object java.lang.invoke.DirectMethodHandle$Holder.newInvokeSpecial(java.lang.Object, java.lang.Object, java.lang.Object, java.lang.Object, java.lang.Object)'> (0x000000074c8849d0) 
thrown [s\src\hotspot\share\interpreter\linkResolver.cpp, line 759]
Event: 15.312 Thread 0x00000182544cafd0 Exception <a 'java/lang/NoSuchMethodError'{0x000000074c9a9828}: 'void java.lang.invoke.DirectMethodHandle$Holder.invokeSpecial(java.lang.Object, java.lang.Object, java.lang.Object)'> (0x000000074c9a9828) 
thrown [s\src\hotspot\share\interpreter\linkResolver.cpp, line 759]
Event: 17.452 Thread 0x00000182544cafd0 Exception <a 'java/lang/NoSuchMethodError'{0x000000074c7caeb8}: 'void java.lang.invoke.DirectMethodHandle$Holder.invokeStatic(java.lang.Object, java.lang.Object, java.lang.Object)'> (0x000000074c7caeb8) 
thrown [s\src\hotspot\share\interpreter\linkResolver.cpp, line 759]
Event: 18.826 Thread 0x00000182544cafd0 Exception <a 'java/lang/NoSuchMethodError'{0x000000074c26c068}: 'java.lang.Object java.lang.invoke.DirectMethodHandle$Holder.newInvokeSpecial(java.lang.Object, java.lang.Object, java.lang.Object, java.lang.Object, java.lang.Object, java.lang.Object, java.lang.Object, java.lang.Object, java.lang.Object, java.lang.Object, java.lang.Object, java.lang.Object, java.lang.Object, java.lang.Object, java.lang.Object, java.lang.Object, java.lang.Object, java.lang.Object, java.lang.Object, java.lang.Object, java.lang
Event: 18.867 Thread 0x00000182544cafd0 Exception <a 'java/lang/NoSuchMethodError'{0x000000074c278670}: 'java.lang.Object java.lang.invoke.Invokers$Holder.linkToTargetMethod(java.lang.Object, java.lang.Object, java.lang.Object, java.lang.Object, java.lang.Object, java.lang.Object, java.lang.Object, java.lang.Object, java.lang.Object, java.lang.Object, java.lang.Object, java.lang.Object, java.lang.Object, java.lang.Object, java.lang.Object, java.lang.Object, java.lang.Object, java.lang.Object, java.lang.Object, java.lang.Object, java.lang.Object,
Event: 19.747 Thread 0x00000182544cafd0 Exception <a 'java/lang/NoSuchMethodError'{0x000000074c0d4a48}: 'java.lang.Object java.lang.invoke.DirectMethodHandle$Holder.invokeStaticInit(java.lang.Object, int, int, int, int)'> (0x000000074c0d4a48) 
thrown [s\src\hotspot\share\interpreter\linkResolver.cpp, line 759]
Event: 24.349 Thread 0x00000182544cafd0 Exception <a 'java/lang/NoSuchMethodError'{0x000000074c10e5d8}: 'java.lang.Object java.lang.invoke.DirectMethodHandle$Holder.invokeStaticInit(java.lang.Object, java.lang.Object, int, int, int, int)'> (0x000000074c10e5d8) 
thrown [s\src\hotspot\share\interpreter\linkResolver.cpp, line 759]
Event: 24.511 Thread 0x00000182544cafd0 Implicit null exception at 0x0000018263b58172 to 0x0000018263b58758
Event: 24.514 Thread 0x00000182544cafd0 Implicit null exception at 0x0000018263b68572 to 0x0000018263b68b6c
Event: 251.723 Thread 0x00000182544cafd0 Exception <a 'sun/net/ConnectionResetException'{0x000000074bd0fb78}: Connection reset> (0x000000074bd0fb78) 
thrown [s\src\hotspot\share\prims\jni.cpp, line 535]
Event: 251.751 Thread 0x00000182544cafd0 Exception <a 'java/lang/NoSuchMethodError'{0x000000074bd8d0e8}: 'int java.lang.invoke.DirectMethodHandle$Holder.invokeVirtual(java.lang.Object, java.lang.Object)'> (0x000000074bd8d0e8) 
thrown [s\src\hotspot\share\interpreter\linkResolver.cpp, line 759]
Event: 251.756 Thread 0x00000182544cafd0 Exception <a 'java/io/IOException'{0x000000074bd98f00}: Connection reset by peer> (0x000000074bd98f00) 
thrown [s\src\hotspot\share\prims\jni.cpp, line 535]

VM Operations (20 events):
Event: 53.514 Executing VM operation: Cleanup
Event: 53.514 Executing VM operation: Cleanup done
Event: 60.182 Executing VM operation: HandshakeAllThreads
Event: 60.182 Executing VM operation: HandshakeAllThreads done
Event: 92.533 Executing VM operation: Cleanup
Event: 92.533 Executing VM operation: Cleanup done
Event: 106.642 Executing VM operation: Cleanup
Event: 106.642 Executing VM operation: Cleanup done
Event: 117.751 Executing VM operation: Cleanup
Event: 117.751 Executing VM operation: Cleanup done
Event: 146.040 Executing VM operation: Cleanup
Event: 146.040 Executing VM operation: Cleanup done
Event: 147.052 Executing VM operation: Cleanup
Event: 147.052 Executing VM operation: Cleanup done
Event: 159.159 Executing VM operation: Cleanup
Event: 159.159 Executing VM operation: Cleanup done
Event: 251.730 Executing VM operation: HandshakeAllThreads
Event: 251.730 Executing VM operation: HandshakeAllThreads done
Event: 251.730 Executing VM operation: Cleanup
Event: 251.730 Executing VM operation: Cleanup done

Memory protections (0 events):
No events

Nmethod flushes (0 events):
No events

Events (17 events):
Event: 0.100 Thread 0x00000182544cafd0 Thread added: 0x00000182544cafd0
Event: 0.130 Thread 0x00000182544cafd0 Thread added: 0x0000018274631010
Event: 0.131 Thread 0x00000182544cafd0 Thread added: 0x0000018274632650
Event: 0.156 Thread 0x00000182544cafd0 Thread added: 0x000001827464c410
Event: 0.156 Thread 0x00000182544cafd0 Thread added: 0x000001827464ecf0
Event: 0.156 Thread 0x00000182544cafd0 Thread added: 0x000001827464f5c0
Event: 0.156 Thread 0x00000182544cafd0 Thread added: 0x000001827464fe90
Event: 0.157 Thread 0x00000182544cafd0 Thread added: 0x0000018274650a90
Event: 0.161 Thread 0x00000182544cafd0 Thread added: 0x0000018274657190
Event: 0.164 Thread 0x00000182544cafd0 Thread added: 0x00000182747d2810
Event: 0.256 Thread 0x00000182544cafd0 Thread added: 0x00000182748a2a90
Event: 0.262 Thread 0x00000182544cafd0 Thread added: 0x00000182748ab220
Event: 3.741 Thread 0x0000018274650a90 Thread added: 0x0000018274aa98d0
Event: 3.903 Thread 0x0000018274aa98d0 Thread exited: 0x0000018274aa98d0
Event: 9.620 Thread 0x0000018274650a90 Thread added: 0x00000182749ae9d0
Event: 9.931 Thread 0x00000182749ae9d0 Thread exited: 0x00000182749ae9d0
Event: 12.842 Thread 0x00000182544cafd0 Thread added: 0x000001827998c230


Dynamic libraries:
0x00007ff6fccd0000 - 0x00007ff6fccde000 	C:\Program Files\Eclipse Adoptium\jdk-17.0.17.10-hotspot\bin\java.exe
0x00007ff8fd8e0000 - 0x00007ff8fdb48000 	C:\WINDOWS\SYSTEM32\ntdll.dll
0x00007ff8fc2f0000 - 0x00007ff8fc3b9000 	C:\WINDOWS\System32\KERNEL32.DLL
0x00007ff8fb020000 - 0x00007ff8fb411000 	C:\WINDOWS\System32\KERNELBASE.dll
0x00007ff8fad80000 - 0x00007ff8faecb000 	C:\WINDOWS\System32\ucrtbase.dll
0x00007ff8d5f00000 - 0x00007ff8d5f18000 	C:\Program Files\Eclipse Adoptium\jdk-17.0.17.10-hotspot\bin\jli.dll
0x00007ff8d5ff0000 - 0x00007ff8d600e000 	C:\Program Files\Eclipse Adoptium\jdk-17.0.17.10-hotspot\bin\VCRUNTIME140.dll
0x00007ff8fbd90000 - 0x00007ff8fbf56000 	C:\WINDOWS\System32\USER32.dll
0x00007ff8fb4d0000 - 0x00007ff8fb4f7000 	C:\WINDOWS\System32\win32u.dll
0x00007ff8e89f0000 - 0x00007ff8e8c83000 	C:\WINDOWS\WinSxS\amd64_microsoft.windows.common-controls_6595b64144ccf1df_6.0.26100.7705_none_3e06597ae3363b04\COMCTL32.dll
0x00007ff8fbd40000 - 0x00007ff8fbd6b000 	C:\WINDOWS\System32\GDI32.dll
0x00007ff8fd6b0000 - 0x00007ff8fd759000 	C:\WINDOWS\System32\msvcrt.dll
0x00007ff8fa1c0000 - 0x00007ff8fa2eb000 	C:\WINDOWS\System32\gdi32full.dll
0x00007ff8fb420000 - 0x00007ff8fb4c3000 	C:\WINDOWS\System32\msvcp_win.dll
0x00007ff8fd670000 - 0x00007ff8fd6a1000 	C:\WINDOWS\System32\IMM32.DLL
0x00007ff8f5be0000 - 0x00007ff8f5bec000 	C:\Program Files\Eclipse Adoptium\jdk-17.0.17.10-hotspot\bin\vcruntime140_1.dll
0x00007ff8b60d0000 - 0x00007ff8b615d000 	C:\Program Files\Eclipse Adoptium\jdk-17.0.17.10-hotspot\bin\msvcp140.dll
0x00007ff84f670000 - 0x00007ff8502db000 	C:\Program Files\Eclipse Adoptium\jdk-17.0.17.10-hotspot\bin\server\jvm.dll
0x00007ff8fd7c0000 - 0x00007ff8fd874000 	C:\WINDOWS\System32\ADVAPI32.dll
0x00007ff8fc5a0000 - 0x00007ff8fc646000 	C:\WINDOWS\System32\sechost.dll
0x00007ff8fbc20000 - 0x00007ff8fbd38000 	C:\WINDOWS\System32\RPCRT4.dll
0x00007ff8fcb30000 - 0x00007ff8fcba4000 	C:\WINDOWS\System32\WS2_32.dll
0x00007ff8fa020000 - 0x00007ff8fa07e000 	C:\WINDOWS\SYSTEM32\POWRPROF.dll
0x00007ff8eb050000 - 0x00007ff8eb085000 	C:\WINDOWS\SYSTEM32\WINMM.dll
0x00007ff8eef90000 - 0x00007ff8eef9b000 	C:\WINDOWS\SYSTEM32\VERSION.dll
0x00007ff8fa000000 - 0x00007ff8fa014000 	C:\WINDOWS\SYSTEM32\UMPDC.dll
0x00007ff8f8f30000 - 0x00007ff8f8f4b000 	C:\WINDOWS\SYSTEM32\kernel.appcore.dll
0x00007ff8f5bc0000 - 0x00007ff8f5bca000 	C:\Program Files\Eclipse Adoptium\jdk-17.0.17.10-hotspot\bin\jimage.dll
0x00007ff8e8c90000 - 0x00007ff8e8ed2000 	C:\WINDOWS\SYSTEM32\DBGHELP.DLL
0x00007ff8fc650000 - 0x00007ff8fc9d6000 	C:\WINDOWS\System32\combase.dll
0x00007ff8fd590000 - 0x00007ff8fd667000 	C:\WINDOWS\System32\OLEAUT32.dll
0x00007ff8eafc0000 - 0x00007ff8eaffb000 	C:\WINDOWS\SYSTEM32\dbgcore.DLL
0x00007ff8fa2f0000 - 0x00007ff8fa395000 	C:\WINDOWS\System32\bcryptPrimitives.dll
0x00007ff8d5e30000 - 0x00007ff8d5e55000 	C:\Program Files\Eclipse Adoptium\jdk-17.0.17.10-hotspot\bin\java.dll
0x00007ff8b4200000 - 0x00007ff8b42d7000 	C:\Program Files\Eclipse Adoptium\jdk-17.0.17.10-hotspot\bin\jsvml.dll
0x00007ff8fccc0000 - 0x00007ff8fd411000 	C:\WINDOWS\System32\SHELL32.dll
0x00007ff8fac10000 - 0x00007ff8fad7a000 	C:\WINDOWS\System32\wintypes.dll
0x00007ff8fa3a0000 - 0x00007ff8fac02000 	C:\WINDOWS\System32\windows.storage.dll
0x00007ff8fca30000 - 0x00007ff8fcb26000 	C:\WINDOWS\System32\SHCORE.dll
0x00007ff8fc130000 - 0x00007ff8fc197000 	C:\WINDOWS\System32\shlwapi.dll
0x00007ff8fa0e0000 - 0x00007ff8fa109000 	C:\WINDOWS\SYSTEM32\profapi.dll
0x00007ff8d5840000 - 0x00007ff8d585a000 	C:\Program Files\Eclipse Adoptium\jdk-17.0.17.10-hotspot\bin\net.dll
0x00007ff8f21f0000 - 0x00007ff8f2317000 	C:\WINDOWS\SYSTEM32\WINHTTP.dll
0x00007ff8f9480000 - 0x00007ff8f94eb000 	C:\WINDOWS\system32\mswsock.dll
0x00007ff8d44c0000 - 0x00007ff8d44d6000 	C:\Program Files\Eclipse Adoptium\jdk-17.0.17.10-hotspot\bin\nio.dll
0x00007ff8d0c00000 - 0x00007ff8d0c18000 	C:\Program Files\Eclipse Adoptium\jdk-17.0.17.10-hotspot\bin\zip.dll
0x00007ff8f5330000 - 0x00007ff8f5340000 	C:\Program Files\Eclipse Adoptium\jdk-17.0.17.10-hotspot\bin\verify.dll
0x00007ff8f4520000 - 0x00007ff8f452a000 	C:\Program Files\Eclipse Adoptium\jdk-17.0.17.10-hotspot\bin\management.dll
0x00007ff8f02c0000 - 0x00007ff8f02cc000 	C:\Program Files\Eclipse Adoptium\jdk-17.0.17.10-hotspot\bin\management_ext.dll
0x00007ff8fbd70000 - 0x00007ff8fbd78000 	C:\WINDOWS\System32\PSAPI.DLL
0x00007ff8dd5c0000 - 0x00007ff8dd5e7000 	C:\Users\hoang\.gradle\native\1def1411415f61bf3af743bc5b6707747c0891f09f0c88961ee8f79bc544acac\windows-amd64\native-platform.dll
0x00007ff8f8930000 - 0x00007ff8f8964000 	C:\WINDOWS\SYSTEM32\IPHLPAPI.DLL
0x00007ff8fbd80000 - 0x00007ff8fbd8a000 	C:\WINDOWS\System32\NSI.dll
0x00007ff8f23b0000 - 0x00007ff8f23ce000 	C:\WINDOWS\SYSTEM32\dhcpcsvc6.DLL
0x00007ff8f21c0000 - 0x00007ff8f21e3000 	C:\WINDOWS\SYSTEM32\dhcpcsvc.DLL
0x00007ff8f89c0000 - 0x00007ff8f8aec000 	C:\WINDOWS\SYSTEM32\DNSAPI.dll
0x00007ff8e9740000 - 0x00007ff8e9749000 	C:\Program Files\Eclipse Adoptium\jdk-17.0.17.10-hotspot\bin\extnet.dll
0x00007ff8f9870000 - 0x00007ff8f988b000 	C:\WINDOWS\SYSTEM32\CRYPTSP.dll
0x00007ff8f8e90000 - 0x00007ff8f8ec9000 	C:\WINDOWS\system32\rsaenh.dll
0x00007ff8f9530000 - 0x00007ff8f955b000 	C:\WINDOWS\SYSTEM32\USERENV.dll
0x00007ff8fa0b0000 - 0x00007ff8fa0da000 	C:\WINDOWS\SYSTEM32\bcrypt.dll
0x00007ff8f96d0000 - 0x00007ff8f96dc000 	C:\WINDOWS\SYSTEM32\CRYPTBASE.dll
0x00007ff8e1380000 - 0x00007ff8e138e000 	C:\Program Files\Eclipse Adoptium\jdk-17.0.17.10-hotspot\bin\sunmscapi.dll
0x00007ff8fb500000 - 0x00007ff8fb677000 	C:\WINDOWS\System32\CRYPT32.dll
0x00007ff8f99c0000 - 0x00007ff8f99f0000 	C:\WINDOWS\SYSTEM32\ncrypt.dll
0x00007ff8f9970000 - 0x00007ff8f99af000 	C:\WINDOWS\SYSTEM32\NTASN1.dll
0x00007ff8ed680000 - 0x00007ff8ed688000 	C:\WINDOWS\system32\wshunix.dll

dbghelp: loaded successfully - version: 4.0.5 - missing functions: none
symbol engine: initialized successfully - sym options: 0x614 - pdb path: .;C:\Program Files\Eclipse Adoptium\jdk-17.0.17.10-hotspot\bin;C:\WINDOWS\SYSTEM32;C:\WINDOWS\WinSxS\amd64_microsoft.windows.common-controls_6595b64144ccf1df_6.0.26100.7705_none_3e06597ae3363b04;C:\Program Files\Eclipse Adoptium\jdk-17.0.17.10-hotspot\bin\server;C:\Users\hoang\.gradle\native\1def1411415f61bf3af743bc5b6707747c0891f09f0c88961ee8f79bc544acac\windows-amd64

VM Arguments:
jvm_args: -Dorg.gradle.appname=gradlew 
java_command: org.gradle.wrapper.GradleWrapperMain :fermata:packageAutoReleaseUniversalApk -PAPP_ID_SFX=.ymusic.hb
java_class_path (initial): D:\For Car\For Auto\AABrowser-old\Fermata_auto\\gradle\wrapper\gradle-wrapper.jar
Launcher Type: SUN_STANDARD

[Global flags]
     intx CICompilerCount                          = 3                                         {product} {ergonomic}
     uint ConcGCThreads                            = 1                                         {product} {ergonomic}
     uint G1ConcRefinementThreads                  = 4                                         {product} {ergonomic}
   size_t G1HeapRegionSize                         = 2097152                                   {product} {ergonomic}
    uintx GCDrainStackTargetSize                   = 64                                        {product} {ergonomic}
   size_t InitialHeapSize                          = 201326592                                 {product} {ergonomic}
   size_t MarkStackSize                            = 4194304                                   {product} {ergonomic}
   size_t MaxHeapSize                              = 3191865344                                {product} {ergonomic}
   size_t MaxNewSize                               = 1914699776                                {product} {ergonomic}
   size_t MinHeapDeltaBytes                        = 2097152                                   {product} {ergonomic}
   size_t MinHeapSize                              = 8388608                                   {product} {ergonomic}
    uintx NonNMethodCodeHeapSize                   = 5832780                                {pd product} {ergonomic}
    uintx NonProfiledCodeHeapSize                  = 122912730                              {pd product} {ergonomic}
    uintx ProfiledCodeHeapSize                     = 122912730                              {pd product} {ergonomic}
    uintx ReservedCodeCacheSize                    = 251658240                              {pd product} {ergonomic}
     bool SegmentedCodeCache                       = true                                      {product} {ergonomic}
   size_t SoftMaxHeapSize                          = 3191865344                             {manageable} {ergonomic}
     bool UseCompressedClassPointers               = true                           {product lp64_product} {ergonomic}
     bool UseCompressedOops                        = true                           {product lp64_product} {ergonomic}
     bool UseG1GC                                  = true                                      {product} {ergonomic}
     bool UseLargePagesIndividualAllocation        = false                                  {pd product} {ergonomic}

Logging:
Log output configuration:
 #0: stdout all=warning uptime,level,tags
 #1: stderr all=off uptime,level,tags

Environment Variables:
JAVA_HOME=C:\Program Files\Eclipse Adoptium\jdk-17.0.17.10-hotspot
CLASSPATH=D:\For Car\For Auto\AABrowser-old\Fermata_auto\\gradle\wrapper\gradle-wrapper.jar
PATH=C:\Program Files\Eclipse Adoptium\jdk-17.0.17.10-hotspot\bin;C:\Program Files\Common Files\Oracle\Java\javapath;C:\WINDOWS\system32;C:\WINDOWS;C:\WINDOWS\System32\Wbem;C:\WINDOWS\System32\WindowsPowerShell\v1.0\;C:\WINDOWS\System32\OpenSSH\;C:\Users\hoang\AppData\Local\Microsoft\WindowsApps;C:\adb;C:\WINDOWS\system32;C:\WINDOWS;C:\WINDOWS\System32\Wbem;C:\WINDOWS\System32\WindowsPowerShell\v1.0\;C:\WINDOWS\System32\OpenSSH\;C:\Program Files\PuTTY\;C:\Program Files\dotnet\;C:\ProgramData\chocolatey\bin;C:\Program Files\Eclipse Adoptium\jdk-17.0.17.10-hotspot\\bin;C:\Users\hoang\AppData\Local\Programs\Python\Python311\;C:\Users\hoang\AppData\Local\Programs\Python\Python311\Scripts\;C:\Program Files\Cloudflare\Cloudflare WARP\;C:\Users\hoang\AppData\Local\Android\Sdk\build-tools\34.0.0;C:\Program Files\Git\cmd;C:\Program Files\Eclipse Adoptium\jdk-17.0.17.10-hotspot\bin;C:\Program Files\Eclipse Adoptium\jdk-17.0.17.10-hotspot\bin;C:\Program Files\Common Files\Oracle\Java\javapath;C:\WINDOWS\system32;C:\WINDOWS;C:\WINDOWS\System32\Wbem;C:\WINDOWS\System32\WindowsPowerShell\v1.0\;C:\WINDOWS\System32\OpenSSH\;C:\Users\hoang\AppData\Local\Microsoft\WindowsApps;C:\adb;C:\WINDOWS\system32;C:\WINDOWS;C:\WINDOWS\System32\Wbem;C:\WINDOWS\System32\WindowsPowerShell\v1.0\;C:\WINDOWS\System32\OpenSSH\;C:\Program Files\PuTTY\;C:\Program Files\dotnet\;C:\ProgramData\chocolatey\bin;C:\Program Files\Eclipse Adoptium\jdk-17.0.17.10-hotspot\\bin;C:\Users\hoang\AppData\Local\Programs\Python\Python311\;C:\Users\hoang\AppData\Local\Programs\Python\Python311\Scripts\;C:\Program Files\Cloudflare\Cloudflare WARP\;C:\Users\hoang\AppData\Local\Android\Sdk\build-tools\34.0.0;C:\Program Files\Git\cmd;C:\Users\hoang\AppData\Local\GitHubDesktop\bin;C:\Users\hoang\AppData\Local\Programs\Antigravity\bin
USERNAME=hoang
OS=Windows_NT
PROCESSOR_IDENTIFIER=Intel64 Family 6 Model 69 Stepping 1, GenuineIntel
TMP=C:\Users\hoang\AppData\Local\Temp
TEMP=C:\Users\hoang\AppData\Local\Temp



Periodic native trim disabled


---------------  S Y S T E M  ---------------

OS:
 Windows 11 , 64 bit Build 26100 (10.0.26100.7705)
OS uptime: 1 days 1:09 hours
Hyper-V role detected

CPU: total 4 (initial active 4) (2 cores per cpu, 2 threads per core) family 6 model 69 stepping 1 microcode 0x26, cx8, cmov, fxsr, ht, mmx, sse, sse2, sse3, ssse3, sse4.1, sse4.2, popcnt, lzcnt, tsc, tscinvbit, avx, avx2, aes, erms, clmul, bmi1, bmi2, fma, vzeroupper, clflush, hv
Processor Information for all 4 processors :
  Max Mhz: 2694, Current Mhz: 2095, Mhz Limit: 2074

Memory: 4k page, system-wide physical 12172M (1877M free)
TotalPageFile size 16268M (AvailPageFile size 0M)
current process WorkingSet (physical memory assigned to process): 99M, peak: 99M
current process commit charge ("private bytes"): 290M, peak: 291M

vm_info: OpenJDK 64-Bit Server VM (17.0.17+10) for windows-amd64 JRE (17.0.17+10), built on Oct 21 2025 23:25:32 by "admin" with unknown MS VC++:1942

END.
